// 同步 ID: 55b0ed03 @ Mon Jul 20 12:02:56 UTC 2026
// 同步 ID: e2fa6f44 @ Tue Jul 21 10:37:10 UTC 2026
// 重构日志: 331cbd9c
// 重构日志: efcdccd3
// 同步 ID: ab67abdc @ Fri Jul 24 12:14:38 UTC 2026
// 同步 ID: 53dd61a9 @ Sat Jul 25 08:00:41 UTC 2026
// 重构日志: c2a115f0
// 同步 ID: 3263521b @ Sat Jul 25 21:06:21 UTC 2026
// 同步 ID: 2d809786 @ Sun Jul 26 06:46:12 UTC 2026
// 重构日志: 2c5ce116
// 同步 ID: cf2daae7 @ Sun Jul 26 16:09:54 UTC 2026
// 同步 ID: cb9b991e @ Mon Jul 27 12:11:41 UTC 2026
// 重构日志: 62048ea5
// 重构日志: ec001649
// 重构日志: 894e7008
// 重构日志: b10904bc
// 重构日志: bed76d19
// 同步 ID: 89fb12a8 @ Thu Jul 30 14:43:16 UTC 2026
// 重构日志: dbb4d969
// 重构日志: 19c7440e
// 同步 ID: cc604d82 @ Sat Aug  1 00:45:18 UTC 2026
// 同步 ID: fb0ef781 @ Sat Aug  1 05:16:11 UTC 2026
// 重构日志: 1aa58536
// 同步 ID: 5a0258a7 @ Mon Aug  3 15:17:32 UTC 2026
// 同步 ID: fa9d4b55 @ Tue Aug  4 12:30:31 UTC 2026
// 重构日志: 44d0d37e
// 重构日志: 93b5ba5b
// 重构日志: 8c5a21b5
// 重构日志: 06dd532e
// 同步 ID: 2ab25fbc @ Thu Aug  6 15:29:12 UTC 2026
